node.exe : C:\Projects\nodjs\School-manag
ement\node_modules\@prisma\client\src\run
time\getPrismaClient.ts:260
At line:1 char:1
+ & "C:\Program Files\nodejs/node.exe" 
"C:\Program Files\nodejs/node_mo ...
+ ~~~~~~~~~~~~~~~~~~~~~~~~~~~~~~~~~~~~~~~
~~~~~~~~~~~~~~~~~~~~~~~~~~~~~~
    + CategoryInfo          : NotSpecifi 
   ed: (C:\Projects\nod...maClient.ts:2  
  60:String) [], RemoteException
    + FullyQualifiedErrorId : NativeComm 
   andError
 
        throw new 
PrismaClientInitializationError(
              ^

PrismaClientInitializationError: 
`PrismaClient` needs to be constructed 
with a non-empty, valid 
`PrismaClientOptions`:

```
new PrismaClient({
  ...
})
```

or

```
constructor() {
  super({ ... });
}
```
          
    at new t (C:\Projects\nodjs\School-ma
nagement\node_modules\@prisma\client\src\
runtime\getPrismaClient.ts:260:15)
    at <anonymous> (C:\Projects\nodjs\Sch
ool-management\test-prisma.ts:4:16)
    at Object.<anonymous> (C:\Projects\no
djs\School-management\test-prisma.ts:17:6
)
    at Module._compile (node:internal/mod
ules/cjs/loader:1761:14)
    at Object.transformer (C:\Users\siyam
_bh\AppData\Local\npm-cache\_npx\fd45a72a
545557e9\node_modules\tsx\dist\register-D
46fvsV_.cjs:3:1104)
    at Module.load (node:internal/modules
/cjs/loader:1481:32)
    at Module._load (node:internal/module
s/cjs/loader:1300:12)
    at TracingChannel.traceSync 
(node:diagnostics_channel:328:14)
    at wrapModuleLoad 
(node:internal/modules/cjs/loader:245:24)
    at loadCJSModuleWithModuleLoad (node:
internal/modules/esm/translators:339:3) {
  clientVersion: '7.4.2',
  errorCode: undefined,
  retryable: undefined
}

Node.js v24.12.0
